02:20:03 **** Incremental Build of configuration Debug for project PI_stm_communicate ****
make -j4 all 
arm-none-eabi-gcc -o "PI_stm_communicate.elf" @"objects.list"   -mcpu=cortex-m3 -T"F:\01 Milkan Importants\03 Capstone project\CP2\stm32_codes\PI_stm_communicate\STM32F103C8TX_FLASH.ld" --specs=nosys.specs -Wl,-Map="PI_stm_communicate.map" -Wl,--gc-sections -static --specs=nano.specs -mfloat-abi=soft -mthumb -Wl,--start-group -lc -lm -Wl,--end-group
Finished building target: PI_stm_communicate.elf
 
arm-none-eabi-size  PI_stm_communicate.elf 
arm-none-eabi-objdump -h -S PI_stm_communicate.elf  > "PI_stm_communicate.list"
arm-none-eabi-objcopy  -O ihex PI_stm_communicate.elf  "PI_stm_communicate.hex"
   text	   data	    bss	    dec	    hex	filename
  29276	    380	   6116	  35772	   8bbc	PI_stm_communicate.elf
Finished building: default.size.stdout
 
Finished building: PI_stm_communicate.list
 
Finished building: PI_stm_communicate.hex
 

02:20:05 Build Finished. 0 errors, 0 warnings. (took 1s.715ms)

